#-----------------------------------------------------------
# Vivado v2018.3 (64-bit)
# SW Build 2405991 on Thu Dec  6 23:38:27 MST 2018
# IP Build 2404404 on Fri Dec  7 01:43:56 MST 2018
# Start of session at: Fri Mar  1 09:25:01 2024
# Process ID: 19724
# Current directory: C:/Users/glagu/Desktop/università/PROGETTO RETI LOGICHE/peponzo
# Command line: vivado.exe -gui_launcher_event rodinguilauncherevent20672 C:\Users\glagu\Desktop\università\PROGETTO RETI LOGICHE\peponzo\peponzo2.xpr
# Log file: C:/Users/glagu/Desktop/università/PROGETTO RETI LOGICHE/peponzo/vivado.log
# Journal file: C:/Users/glagu/Desktop/università/PROGETTO RETI LOGICHE/peponzo\vivado.jou
#-----------------------------------------------------------
start_gui
open_project {C:/Users/glagu/Desktop/università/PROGETTO RETI LOGICHE/peponzo/peponzo2.xpr}
update_compile_order -fileset sources_1
launch_simulation
source project_tb.tcl
restart
run 1000 ns
add_bp {C:/Users/glagu/Desktop/università/PROGETTO RETI LOGICHE/peponzo/contatore.vhd} 28
restart
run 1000 ns
run all
run all
run all
run 1000 ns
add_bp {C:/Users/glagu/Desktop/università/PROGETTO RETI LOGICHE/peponzo/contatore.vhd} 29
remove_bps -file {C:/Users/glagu/Desktop/università/PROGETTO RETI LOGICHE/peponzo/contatore.vhd} -line 28
run 1000 ns
restart
run 1000 ns
remove_bps -file {C:/Users/glagu/Desktop/università/PROGETTO RETI LOGICHE/peponzo/contatore.vhd} -line 29
restart
run 1000 ns
restart
run 1000 ns
close_sim
launch_simulation
source project_tb.tcl
restart
run 1000 ns
add_bp {C:/Users/glagu/Desktop/università/PROGETTO RETI LOGICHE/peponzo/contatore.vhd} 30
restart
run 1000 ns
add_bp {C:/Users/glagu/Desktop/università/PROGETTO RETI LOGICHE/peponzo/contatore.vhd} 31
run 1000 ns
run 1000 ns
run 1000 ns
run 1000 ns
run 1000 ns
run 1000 ns
run 1000 ns
run 1000 ns
run 1000 ns
remove_bps -file {C:/Users/glagu/Desktop/università/PROGETTO RETI LOGICHE/peponzo/contatore.vhd} -line 30
remove_bps -file {C:/Users/glagu/Desktop/università/PROGETTO RETI LOGICHE/peponzo/contatore.vhd} -line 31
run 1000 ns
add_bp {C:/Users/glagu/Desktop/università/PROGETTO RETI LOGICHE/peponzo/contatore.vhd} 31
restart
run 1000 ns
remove_forces { {/project_tb/UUT/cnt/i_ec} }
add_force {/project_tb/UUT/cnt/i_ec} -radix bin {1 50ns}
restart
run 1000 ns
add_force {/project_tb/UUT/cnt/i_ec} -radix bin {1 50ns} -cancel_after 70ns
restart
run all
run 1000 ns
run 1000 ns
run 1000 ns
run 1000 ns
remove_forces { {/project_tb/UUT/cnt/i_ec} }
add_force {/project_tb/UUT/cnt/i_ec} -radix bin {1 0ns} -cancel_after 15ns
run 1000 ns
restart
run 1000 ns
restart
add_force {/project_tb/UUT/cnt/i_ec} -radix bin {1 0ns} -cancel_after 15ns
run 1000 ns
run 1000 ns
restart
add_force {/project_tb/UUT/cnt/i_ec} -radix bin {1 100ns} -cancel_after 15ns
add_force {/project_tb/UUT/cnt/i_ec} -radix bin {1 100ns} -cancel_after 115ns
run 1000 ns
run 1000 ns
remove_bps -file {C:/Users/glagu/Desktop/università/PROGETTO RETI LOGICHE/peponzo/contatore.vhd} -line 31
remove_forces { {/project_tb/UUT/cnt/i_ec} }
restart
run 1000 ns
close_sim
update_compile_order -fileset sources_1
update_compile_order -fileset sources_1
launch_simulation
source project_tb.tcl
restart
run 1000 ns
restart
run 1000 ns
close_sim
